2026-07-01T10:11:04,858 [main] INFO  com.zaxxer.hikari.HikariDataSource [] - HikariPool-1 - Starting...
2026-07-01T10:11:05,270 [main] INFO  com.zaxxer.hikari.HikariDataSource [] - HikariPool-1 - Start completed.
2026-07-01T10:11:11,569 [main] WARN  org.eclipse.jetty.server.handler.ContextHandler [] - o.e.j.s.ServletContextHandler@54c60202{/,null,STOPPED} contextPath ends with /
2026-07-01T10:11:11,713 [main] INFO  org.eclipse.jetty.server.Server [] - jetty-11.0.12; built: 2022-09-14T02:38:00.723Z; git: d5b8c29485f5f56a14be5f20c2ccce81b93c5555; jvm 22.0.2+9
2026-07-01T10:11:11,802 [main] INFO  org.eclipse.jetty.server.handler.ContextHandler [] - Started o.e.j.s.ServletContextHandler@5d124d29{/,null,AVAILABLE}
2026-07-01T10:11:11,806 [main] INFO  org.eclipse.jetty.server.handler.ContextHandler [] - Started o.e.j.s.ServletContextHandler@6e24ce51{/api/socket/info,null,AVAILABLE}
2026-07-01T10:11:11,857 [main] INFO  org.eclipse.jetty.server.handler.ContextHandler [] - Started o.e.j.s.ServletContextHandler@423ed3b5{/HDLmWebSocketServer,null,AVAILABLE}
2026-07-01T10:11:11,859 [main] INFO  org.eclipse.jetty.server.handler.ContextHandler [] - Started o.e.j.s.ServletContextHandler@54c60202{/api/socket,null,AVAILABLE}
2026-07-01T10:11:11,899 [main] INFO  org.eclipse.jetty.server.AbstractConnector [] - Started ServerConnector@7f3fc42f{HTTP/1.1, (http/1.1, h2c)}{0.0.0.0:80}
2026-07-01T10:11:11,906 [main] INFO  org.eclipse.jetty.util.ssl.SslContextFactory [] - x509=X509@69a5c6be(headlamp,h=[javaproxya.dnsalias.com, owo.dnsalias.com, owo.secure.dnsalias.com, www.owo.dnsalias.com, www.owo.secure.dnsalias.com],a=[],w=[]) for Server@451e2fa9[provider=null,keyStore=null,trustStore=null]
2026-07-01T10:11:11,908 [main] INFO  org.eclipse.jetty.util.ssl.SslContextFactory [] - x509=X509@497ed877(owo,h=[oneworldobservatory.com, www.oneworldobservatory.com],a=[],w=[]) for Server@451e2fa9[provider=null,keyStore=null,trustStore=null]
2026-07-01T10:11:11,954 [main] INFO  org.eclipse.jetty.server.AbstractConnector [] - Started ServerConnector@1310fcb0{SSL, (ssl, alpn, h2, http/1.1)}{0.0.0.0:443}
2026-07-01T10:11:11,958 [main] INFO  org.eclipse.jetty.server.Server [] - Started Server@46a123e4{STARTING}[11.0.12,sto=0] @15133ms
2026-07-01T10:15:41,972 [main] INFO  com.zaxxer.hikari.HikariDataSource [] - HikariPool-1 - Starting...
2026-07-01T10:15:42,339 [main] INFO  com.zaxxer.hikari.HikariDataSource [] - HikariPool-1 - Start completed.
2026-07-01T10:15:48,690 [main] WARN  org.eclipse.jetty.server.handler.ContextHandler [] - o.e.j.s.ServletContextHandler@22a260ff{/,null,STOPPED} contextPath ends with /
2026-07-01T10:15:48,838 [main] INFO  org.eclipse.jetty.server.Server [] - jetty-11.0.12; built: 2022-09-14T02:38:00.723Z; git: d5b8c29485f5f56a14be5f20c2ccce81b93c5555; jvm 22.0.2+9
2026-07-01T10:15:48,926 [main] INFO  org.eclipse.jetty.server.handler.ContextHandler [] - Started o.e.j.s.ServletContextHandler@11f23203{/,null,AVAILABLE}
2026-07-01T10:15:48,927 [main] INFO  org.eclipse.jetty.server.handler.ContextHandler [] - Started o.e.j.s.ServletContextHandler@f723cdb{/api/socket/info,null,AVAILABLE}
2026-07-01T10:15:48,974 [main] INFO  org.eclipse.jetty.server.handler.ContextHandler [] - Started o.e.j.s.ServletContextHandler@4844930a{/HDLmWebSocketServer,null,AVAILABLE}
2026-07-01T10:15:48,977 [main] INFO  org.eclipse.jetty.server.handler.ContextHandler [] - Started o.e.j.s.ServletContextHandler@22a260ff{/api/socket,null,AVAILABLE}
2026-07-01T10:15:49,016 [main] INFO  org.eclipse.jetty.server.AbstractConnector [] - Started ServerConnector@5b251fb9{HTTP/1.1, (http/1.1, h2c)}{0.0.0.0:80}
2026-07-01T10:15:49,020 [main] INFO  org.eclipse.jetty.util.ssl.SslContextFactory [] - x509=X509@743c3520(headlamp,h=[javaproxya.dnsalias.com, owo.dnsalias.com, owo.secure.dnsalias.com, www.owo.dnsalias.com, www.owo.secure.dnsalias.com],a=[],w=[]) for Server@6842c101[provider=null,keyStore=null,trustStore=null]
2026-07-01T10:15:49,021 [main] INFO  org.eclipse.jetty.util.ssl.SslContextFactory [] - x509=X509@234cd86c(owo,h=[oneworldobservatory.com, www.oneworldobservatory.com],a=[],w=[]) for Server@6842c101[provider=null,keyStore=null,trustStore=null]
2026-07-01T10:15:49,070 [main] INFO  org.eclipse.jetty.server.AbstractConnector [] - Started ServerConnector@9df564f{SSL, (ssl, alpn, h2, http/1.1)}{0.0.0.0:443}
2026-07-01T10:15:49,075 [main] INFO  org.eclipse.jetty.server.Server [] - Started Server@3b435211{STARTING}[11.0.12,sto=0] @11537ms
2026-07-01T10:16:07,214 [main] INFO  com.zaxxer.hikari.HikariDataSource [] - HikariPool-1 - Starting...
2026-07-01T10:16:07,560 [main] INFO  com.zaxxer.hikari.HikariDataSource [] - HikariPool-1 - Start completed.
2026-07-01T10:16:12,647 [main] WARN  org.eclipse.jetty.server.handler.ContextHandler [] - o.e.j.s.ServletContextHandler@22a260ff{/,null,STOPPED} contextPath ends with /
2026-07-01T10:16:12,748 [main] INFO  org.eclipse.jetty.server.Server [] - jetty-11.0.12; built: 2022-09-14T02:38:00.723Z; git: d5b8c29485f5f56a14be5f20c2ccce81b93c5555; jvm 22.0.2+9
2026-07-01T10:16:26,027 [main] INFO  com.zaxxer.hikari.HikariDataSource [] - HikariPool-1 - Starting...
2026-07-01T10:16:26,371 [main] INFO  com.zaxxer.hikari.HikariDataSource [] - HikariPool-1 - Start completed.
2026-07-01T10:16:31,349 [main] WARN  org.eclipse.jetty.server.handler.ContextHandler [] - o.e.j.s.ServletContextHandler@22a260ff{/,null,STOPPED} contextPath ends with /
2026-07-01T10:16:31,457 [main] INFO  org.eclipse.jetty.server.Server [] - jetty-11.0.12; built: 2022-09-14T02:38:00.723Z; git: d5b8c29485f5f56a14be5f20c2ccce81b93c5555; jvm 22.0.2+9
2026-07-01T10:16:31,545 [main] INFO  org.eclipse.jetty.server.handler.ContextHandler [] - Started o.e.j.s.ServletContextHandler@11f23203{/,null,AVAILABLE}
2026-07-01T10:16:31,546 [main] INFO  org.eclipse.jetty.server.handler.ContextHandler [] - Started o.e.j.s.ServletContextHandler@f723cdb{/api/socket/info,null,AVAILABLE}
2026-07-01T10:16:31,596 [main] INFO  org.eclipse.jetty.server.handler.ContextHandler [] - Started o.e.j.s.ServletContextHandler@4844930a{/HDLmWebSocketServer,null,AVAILABLE}
2026-07-01T10:16:31,598 [main] INFO  org.eclipse.jetty.server.handler.ContextHandler [] - Started o.e.j.s.ServletContextHandler@22a260ff{/api/socket,null,AVAILABLE}
2026-07-01T10:16:31,636 [main] INFO  org.eclipse.jetty.server.AbstractConnector [] - Started ServerConnector@5b251fb9{HTTP/1.1, (http/1.1, h2c)}{0.0.0.0:80}
2026-07-01T10:16:31,641 [main] INFO  org.eclipse.jetty.util.ssl.SslContextFactory [] - x509=X509@743c3520(headlamp,h=[javaproxya.dnsalias.com, owo.dnsalias.com, owo.secure.dnsalias.com, www.owo.dnsalias.com, www.owo.secure.dnsalias.com],a=[],w=[]) for Server@6842c101[provider=null,keyStore=null,trustStore=null]
2026-07-01T10:16:31,642 [main] INFO  org.eclipse.jetty.util.ssl.SslContextFactory [] - x509=X509@234cd86c(owo,h=[oneworldobservatory.com, www.oneworldobservatory.com],a=[],w=[]) for Server@6842c101[provider=null,keyStore=null,trustStore=null]
2026-07-01T10:16:31,686 [main] INFO  org.eclipse.jetty.server.AbstractConnector [] - Started ServerConnector@9df564f{SSL, (ssl, alpn, h2, http/1.1)}{0.0.0.0:443}
2026-07-01T10:16:31,690 [main] INFO  org.eclipse.jetty.server.Server [] - Started Server@3b435211{STARTING}[11.0.12,sto=0] @9779ms
2026-07-01T12:10:40,050 [main] INFO  com.zaxxer.hikari.HikariDataSource [] - HikariPool-1 - Starting...
2026-07-01T12:10:40,583 [main] INFO  com.zaxxer.hikari.HikariDataSource [] - HikariPool-1 - Start completed.
2026-07-01T12:12:17,014 [main] INFO  com.zaxxer.hikari.HikariDataSource [] - HikariPool-1 - Starting...
2026-07-01T12:12:17,514 [main] INFO  com.zaxxer.hikari.HikariDataSource [] - HikariPool-1 - Start completed.
2026-07-01T12:19:33,941 [main] INFO  com.zaxxer.hikari.HikariDataSource [] - HikariPool-1 - Starting...
2026-07-01T12:19:34,448 [main] INFO  com.zaxxer.hikari.HikariDataSource [] - HikariPool-1 - Start completed.
2026-07-01T18:55:14,493 [main] INFO  com.zaxxer.hikari.HikariDataSource [] - HikariPool-1 - Starting...
2026-07-01T18:55:14,863 [main] INFO  com.zaxxer.hikari.HikariDataSource [] - HikariPool-1 - Start completed.
2026-07-01T18:55:23,361 [main] WARN  org.eclipse.jetty.server.handler.ContextHandler [] - o.e.j.s.ServletContextHandler@22a260ff{/,null,STOPPED} contextPath ends with /
2026-07-01T18:55:23,560 [main] INFO  org.eclipse.jetty.server.Server [] - jetty-11.0.12; built: 2022-09-14T02:38:00.723Z; git: d5b8c29485f5f56a14be5f20c2ccce81b93c5555; jvm 22.0.2+9
2026-07-01T18:55:23,654 [main] INFO  org.eclipse.jetty.server.handler.ContextHandler [] - Started o.e.j.s.ServletContextHandler@11f23203{/,null,AVAILABLE}
2026-07-01T18:55:23,655 [main] INFO  org.eclipse.jetty.server.handler.ContextHandler [] - Started o.e.j.s.ServletContextHandler@f723cdb{/api/socket/info,null,AVAILABLE}
2026-07-01T18:55:23,703 [main] INFO  org.eclipse.jetty.server.handler.ContextHandler [] - Started o.e.j.s.ServletContextHandler@4844930a{/HDLmWebSocketServer,null,AVAILABLE}
2026-07-01T18:55:23,705 [main] INFO  org.eclipse.jetty.server.handler.ContextHandler [] - Started o.e.j.s.ServletContextHandler@22a260ff{/api/socket,null,AVAILABLE}
2026-07-01T18:55:23,743 [main] INFO  org.eclipse.jetty.server.AbstractConnector [] - Started ServerConnector@5b251fb9{HTTP/1.1, (http/1.1, h2c)}{0.0.0.0:80}
2026-07-01T18:55:23,751 [main] INFO  org.eclipse.jetty.util.ssl.SslContextFactory [] - x509=X509@743c3520(headlamp,h=[javaproxya.dnsalias.com, owo.dnsalias.com, owo.secure.dnsalias.com, www.owo.dnsalias.com, www.owo.secure.dnsalias.com],a=[],w=[]) for Server@6842c101[provider=null,keyStore=null,trustStore=null]
2026-07-01T18:55:23,751 [main] INFO  org.eclipse.jetty.util.ssl.SslContextFactory [] - x509=X509@234cd86c(owo,h=[oneworldobservatory.com, www.oneworldobservatory.com],a=[],w=[]) for Server@6842c101[provider=null,keyStore=null,trustStore=null]
2026-07-01T18:55:23,874 [main] INFO  org.eclipse.jetty.server.AbstractConnector [] - Started ServerConnector@9df564f{SSL, (ssl, alpn, h2, http/1.1)}{0.0.0.0:443}
2026-07-01T18:55:23,878 [main] INFO  org.eclipse.jetty.server.Server [] - Started Server@3b435211{STARTING}[11.0.12,sto=0] @26065ms
2026-07-01T20:47:55,440 [main] INFO  com.zaxxer.hikari.HikariDataSource [] - HikariPool-1 - Starting...
2026-07-01T20:47:55,936 [main] INFO  com.zaxxer.hikari.HikariDataSource [] - HikariPool-1 - Start completed.
2026-07-01T20:58:02,066 [main] INFO  com.zaxxer.hikari.HikariDataSource [] - HikariPool-1 - Starting...
2026-07-01T20:58:02,618 [main] INFO  com.zaxxer.hikari.HikariDataSource [] - HikariPool-1 - Start completed.
2026-07-01T20:58:08,916 [main] WARN  org.eclipse.jetty.server.handler.ContextHandler [] - o.e.j.s.ServletContextHandler@1e00bfe2{/,null,STOPPED} contextPath ends with /
2026-07-01T20:58:09,078 [main] INFO  org.eclipse.jetty.server.Server [] - jetty-11.0.12; built: 2022-09-14T02:38:00.723Z; git: d5b8c29485f5f56a14be5f20c2ccce81b93c5555; jvm 22.0.2+9
2026-07-01T20:58:09,240 [main] INFO  org.eclipse.jetty.server.handler.ContextHandler [] - Started o.e.j.s.ServletContextHandler@dbed7fd{/,null,AVAILABLE}
2026-07-01T20:58:09,242 [main] INFO  org.eclipse.jetty.server.handler.ContextHandler [] - Started o.e.j.s.ServletContextHandler@5a05dd30{/api/socket/info,null,AVAILABLE}
2026-07-01T20:58:09,332 [main] INFO  org.eclipse.jetty.server.handler.ContextHandler [] - Started o.e.j.s.ServletContextHandler@1b52699c{/HDLmWebSocketServer,null,AVAILABLE}
2026-07-01T20:58:09,335 [main] INFO  org.eclipse.jetty.server.handler.ContextHandler [] - Started o.e.j.s.ServletContextHandler@1e00bfe2{/api/socket,null,AVAILABLE}
2026-07-01T20:58:09,405 [main] INFO  org.eclipse.jetty.server.AbstractConnector [] - Started ServerConnector@491cafec{HTTP/1.1, (http/1.1, h2c)}{0.0.0.0:80}
2026-07-01T20:58:09,418 [main] INFO  org.eclipse.jetty.util.ssl.SslContextFactory [] - x509=X509@7a36c83a(headlamp,h=[javaproxya.dnsalias.com, owo.dnsalias.com, owo.secure.dnsalias.com, www.owo.dnsalias.com, www.owo.secure.dnsalias.com],a=[],w=[]) for Server@154b8cb6[provider=null,keyStore=null,trustStore=null]
2026-07-01T20:58:09,419 [main] INFO  org.eclipse.jetty.util.ssl.SslContextFactory [] - x509=X509@7b297740(owo,h=[oneworldobservatory.com, www.oneworldobservatory.com],a=[],w=[]) for Server@154b8cb6[provider=null,keyStore=null,trustStore=null]
2026-07-01T20:58:09,512 [main] INFO  org.eclipse.jetty.server.AbstractConnector [] - Started ServerConnector@5f8a02cf{SSL, (ssl, alpn, h2, http/1.1)}{0.0.0.0:443}
2026-07-01T20:58:09,520 [main] INFO  org.eclipse.jetty.server.Server [] - Started Server@372f0a99{STARTING}[11.0.12,sto=0] @13003ms
2026-07-01T21:56:12,178 [main] INFO  com.zaxxer.hikari.HikariDataSource [] - HikariPool-1 - Starting...
2026-07-01T21:56:12,566 [main] INFO  com.zaxxer.hikari.HikariDataSource [] - HikariPool-1 - Start completed.
2026-07-01T21:56:20,360 [main] WARN  org.eclipse.jetty.server.handler.ContextHandler [] - o.e.j.s.ServletContextHandler@22a260ff{/,null,STOPPED} contextPath ends with /
2026-07-01T21:56:20,564 [main] INFO  org.eclipse.jetty.server.Server [] - jetty-11.0.12; built: 2022-09-14T02:38:00.723Z; git: d5b8c29485f5f56a14be5f20c2ccce81b93c5555; jvm 22.0.2+9
2026-07-01T21:56:20,668 [main] INFO  org.eclipse.jetty.server.handler.ContextHandler [] - Started o.e.j.s.ServletContextHandler@11f23203{/,null,AVAILABLE}
2026-07-01T21:56:20,669 [main] INFO  org.eclipse.jetty.server.handler.ContextHandler [] - Started o.e.j.s.ServletContextHandler@f723cdb{/api/socket/info,null,AVAILABLE}
2026-07-01T21:56:20,722 [main] INFO  org.eclipse.jetty.server.handler.ContextHandler [] - Started o.e.j.s.ServletContextHandler@4844930a{/HDLmWebSocketServer,null,AVAILABLE}
2026-07-01T21:56:20,727 [main] INFO  org.eclipse.jetty.server.handler.ContextHandler [] - Started o.e.j.s.ServletContextHandler@22a260ff{/api/socket,null,AVAILABLE}
2026-07-01T21:56:20,768 [main] INFO  org.eclipse.jetty.server.AbstractConnector [] - Started ServerConnector@5b251fb9{HTTP/1.1, (http/1.1, h2c)}{0.0.0.0:80}
2026-07-01T21:56:20,774 [main] INFO  org.eclipse.jetty.util.ssl.SslContextFactory [] - x509=X509@743c3520(headlamp,h=[javaproxya.dnsalias.com, owo.dnsalias.com, owo.secure.dnsalias.com, www.owo.dnsalias.com, www.owo.secure.dnsalias.com],a=[],w=[]) for Server@6842c101[provider=null,keyStore=null,trustStore=null]
2026-07-01T21:56:20,775 [main] INFO  org.eclipse.jetty.util.ssl.SslContextFactory [] - x509=X509@234cd86c(owo,h=[oneworldobservatory.com, www.oneworldobservatory.com],a=[],w=[]) for Server@6842c101[provider=null,keyStore=null,trustStore=null]
2026-07-01T21:56:20,843 [main] INFO  org.eclipse.jetty.server.AbstractConnector [] - Started ServerConnector@9df564f{SSL, (ssl, alpn, h2, http/1.1)}{0.0.0.0:443}
2026-07-01T21:56:20,848 [main] INFO  org.eclipse.jetty.server.Server [] - Started Server@3b435211{STARTING}[11.0.12,sto=0] @13413ms
2026-07-02T22:57:47,250 [main] INFO  com.zaxxer.hikari.HikariDataSource [] - HikariPool-1 - Starting...
2026-07-02T22:57:47,701 [main] INFO  com.zaxxer.hikari.HikariDataSource [] - HikariPool-1 - Start completed.
2026-07-02T22:57:54,494 [main] WARN  org.eclipse.jetty.server.handler.ContextHandler [] - o.e.j.s.ServletContextHandler@54c425b1{/,null,STOPPED} contextPath ends with /
2026-07-02T22:57:54,694 [main] INFO  org.eclipse.jetty.server.Server [] - jetty-11.0.12; built: 2022-09-14T02:38:00.723Z; git: d5b8c29485f5f56a14be5f20c2ccce81b93c5555; jvm 22.0.2+9
2026-07-02T22:57:54,777 [main] INFO  org.eclipse.jetty.server.handler.ContextHandler [] - Started o.e.j.s.ServletContextHandler@101bdd1c{/,null,AVAILABLE}
2026-07-02T22:57:54,777 [main] INFO  org.eclipse.jetty.server.handler.ContextHandler [] - Started o.e.j.s.ServletContextHandler@4844930a{/api/socket/info,null,AVAILABLE}
2026-07-02T22:57:54,825 [main] INFO  org.eclipse.jetty.server.handler.ContextHandler [] - Started o.e.j.s.ServletContextHandler@11f23203{/HDLmWebSocketServer,null,AVAILABLE}
2026-07-02T22:57:54,827 [main] INFO  org.eclipse.jetty.server.handler.ContextHandler [] - Started o.e.j.s.ServletContextHandler@54c425b1{/api/socket,null,AVAILABLE}
2026-07-02T22:57:54,863 [main] INFO  org.eclipse.jetty.server.AbstractConnector [] - Started ServerConnector@67d4c48d{HTTP/1.1, (http/1.1, h2c)}{0.0.0.0:80}
2026-07-02T22:57:54,869 [main] INFO  org.eclipse.jetty.util.ssl.SslContextFactory [] - x509=X509@6842c101(headlamp,h=[javaproxya.dnsalias.com, owo.dnsalias.com, owo.secure.dnsalias.com, www.owo.dnsalias.com, www.owo.secure.dnsalias.com],a=[],w=[]) for Server@234cd86c[provider=null,keyStore=null,trustStore=null]
2026-07-02T22:57:54,869 [main] INFO  org.eclipse.jetty.util.ssl.SslContextFactory [] - x509=X509@2c48cede(owo,h=[oneworldobservatory.com, www.oneworldobservatory.com],a=[],w=[]) for Server@234cd86c[provider=null,keyStore=null,trustStore=null]
2026-07-02T22:57:54,913 [main] INFO  org.eclipse.jetty.server.AbstractConnector [] - Started ServerConnector@1a21f43f{SSL, (ssl, alpn, h2, http/1.1)}{0.0.0.0:443}
2026-07-02T22:57:54,916 [main] INFO  org.eclipse.jetty.server.Server [] - Started Server@361cd35c{STARTING}[11.0.12,sto=0] @14467ms
2026-07-02T22:58:39,015 [main] INFO  com.zaxxer.hikari.HikariDataSource [] - HikariPool-1 - Starting...
2026-07-02T22:58:39,403 [main] INFO  com.zaxxer.hikari.HikariDataSource [] - HikariPool-1 - Start completed.
2026-07-02T22:58:44,236 [main] WARN  org.eclipse.jetty.server.handler.ContextHandler [] - o.e.j.s.ServletContextHandler@22a260ff{/,null,STOPPED} contextPath ends with /
2026-07-02T22:58:44,359 [main] INFO  org.eclipse.jetty.server.Server [] - jetty-11.0.12; built: 2022-09-14T02:38:00.723Z; git: d5b8c29485f5f56a14be5f20c2ccce81b93c5555; jvm 22.0.2+9
2026-07-02T22:58:44,479 [main] INFO  org.eclipse.jetty.server.handler.ContextHandler [] - Started o.e.j.s.ServletContextHandler@11f23203{/,null,AVAILABLE}
2026-07-02T22:58:44,481 [main] INFO  org.eclipse.jetty.server.handler.ContextHandler [] - Started o.e.j.s.ServletContextHandler@f723cdb{/api/socket/info,null,AVAILABLE}
2026-07-02T22:58:44,536 [main] INFO  org.eclipse.jetty.server.handler.ContextHandler [] - Started o.e.j.s.ServletContextHandler@4844930a{/HDLmWebSocketServer,null,AVAILABLE}
2026-07-02T22:58:44,539 [main] INFO  org.eclipse.jetty.server.handler.ContextHandler [] - Started o.e.j.s.ServletContextHandler@22a260ff{/api/socket,null,AVAILABLE}
2026-07-02T22:58:44,573 [main] INFO  org.eclipse.jetty.server.AbstractConnector [] - Started ServerConnector@5b251fb9{HTTP/1.1, (http/1.1, h2c)}{0.0.0.0:80}
2026-07-02T22:58:44,579 [main] INFO  org.eclipse.jetty.util.ssl.SslContextFactory [] - x509=X509@743c3520(headlamp,h=[javaproxya.dnsalias.com, owo.dnsalias.com, owo.secure.dnsalias.com, www.owo.dnsalias.com, www.owo.secure.dnsalias.com],a=[],w=[]) for Server@6842c101[provider=null,keyStore=null,trustStore=null]
2026-07-02T22:58:44,581 [main] INFO  org.eclipse.jetty.util.ssl.SslContextFactory [] - x509=X509@234cd86c(owo,h=[oneworldobservatory.com, www.oneworldobservatory.com],a=[],w=[]) for Server@6842c101[provider=null,keyStore=null,trustStore=null]
2026-07-02T22:58:44,636 [main] INFO  org.eclipse.jetty.server.AbstractConnector [] - Started ServerConnector@9df564f{SSL, (ssl, alpn, h2, http/1.1)}{0.0.0.0:443}
2026-07-02T22:58:44,643 [main] INFO  org.eclipse.jetty.server.Server [] - Started Server@3b435211{STARTING}[11.0.12,sto=0] @9747ms
2026-07-02T22:59:10,978 [main] INFO  com.zaxxer.hikari.HikariDataSource [] - HikariPool-1 - Starting...
2026-07-02T22:59:11,476 [main] INFO  com.zaxxer.hikari.HikariDataSource [] - HikariPool-1 - Start completed.
2026-07-02T22:59:16,367 [main] WARN  org.eclipse.jetty.server.handler.ContextHandler [] - o.e.j.s.ServletContextHandler@1e00bfe2{/,null,STOPPED} contextPath ends with /
2026-07-02T22:59:16,509 [main] INFO  org.eclipse.jetty.server.Server [] - jetty-11.0.12; built: 2022-09-14T02:38:00.723Z; git: d5b8c29485f5f56a14be5f20c2ccce81b93c5555; jvm 22.0.2+9
2026-07-02T22:59:16,643 [main] INFO  org.eclipse.jetty.server.handler.ContextHandler [] - Started o.e.j.s.ServletContextHandler@dbed7fd{/,null,AVAILABLE}
2026-07-02T22:59:16,644 [main] INFO  org.eclipse.jetty.server.handler.ContextHandler [] - Started o.e.j.s.ServletContextHandler@5a05dd30{/api/socket/info,null,AVAILABLE}
2026-07-02T22:59:16,715 [main] INFO  org.eclipse.jetty.server.handler.ContextHandler [] - Started o.e.j.s.ServletContextHandler@1b52699c{/HDLmWebSocketServer,null,AVAILABLE}
2026-07-02T22:59:16,719 [main] INFO  org.eclipse.jetty.server.handler.ContextHandler [] - Started o.e.j.s.ServletContextHandler@1e00bfe2{/api/socket,null,AVAILABLE}
2026-07-02T22:59:16,761 [main] INFO  org.eclipse.jetty.server.AbstractConnector [] - Started ServerConnector@491cafec{HTTP/1.1, (http/1.1, h2c)}{0.0.0.0:80}
2026-07-02T22:59:16,768 [main] INFO  org.eclipse.jetty.util.ssl.SslContextFactory [] - x509=X509@7a36c83a(headlamp,h=[javaproxya.dnsalias.com, owo.dnsalias.com, owo.secure.dnsalias.com, www.owo.dnsalias.com, www.owo.secure.dnsalias.com],a=[],w=[]) for Server@154b8cb6[provider=null,keyStore=null,trustStore=null]
2026-07-02T22:59:16,770 [main] INFO  org.eclipse.jetty.util.ssl.SslContextFactory [] - x509=X509@7b297740(owo,h=[oneworldobservatory.com, www.oneworldobservatory.com],a=[],w=[]) for Server@154b8cb6[provider=null,keyStore=null,trustStore=null]
2026-07-02T22:59:16,841 [main] INFO  org.eclipse.jetty.server.AbstractConnector [] - Started ServerConnector@5f8a02cf{SSL, (ssl, alpn, h2, http/1.1)}{0.0.0.0:443}
2026-07-02T22:59:16,847 [main] INFO  org.eclipse.jetty.server.Server [] - Started Server@372f0a99{STARTING}[11.0.12,sto=0] @11018ms
2026-07-02T23:06:12,863 [main] INFO  com.zaxxer.hikari.HikariDataSource [] - HikariPool-1 - Starting...
2026-07-02T23:06:13,221 [main] INFO  com.zaxxer.hikari.HikariDataSource [] - HikariPool-1 - Start completed.
2026-07-02T23:06:18,133 [main] WARN  org.eclipse.jetty.server.handler.ContextHandler [] - o.e.j.s.ServletContextHandler@22a260ff{/,null,STOPPED} contextPath ends with /
2026-07-02T23:06:18,251 [main] INFO  org.eclipse.jetty.server.Server [] - jetty-11.0.12; built: 2022-09-14T02:38:00.723Z; git: d5b8c29485f5f56a14be5f20c2ccce81b93c5555; jvm 22.0.2+9
2026-07-02T23:06:18,338 [main] INFO  org.eclipse.jetty.server.handler.ContextHandler [] - Started o.e.j.s.ServletContextHandler@11f23203{/,null,AVAILABLE}
2026-07-02T23:06:18,339 [main] INFO  org.eclipse.jetty.server.handler.ContextHandler [] - Started o.e.j.s.ServletContextHandler@f723cdb{/api/socket/info,null,AVAILABLE}
2026-07-02T23:06:18,379 [main] INFO  org.eclipse.jetty.server.handler.ContextHandler [] - Started o.e.j.s.ServletContextHandler@4844930a{/HDLmWebSocketServer,null,AVAILABLE}
2026-07-02T23:06:18,382 [main] INFO  org.eclipse.jetty.server.handler.ContextHandler [] - Started o.e.j.s.ServletContextHandler@22a260ff{/api/socket,null,AVAILABLE}
2026-07-02T23:06:18,414 [main] INFO  org.eclipse.jetty.server.AbstractConnector [] - Started ServerConnector@5b251fb9{HTTP/1.1, (http/1.1, h2c)}{0.0.0.0:80}
2026-07-02T23:06:18,421 [main] INFO  org.eclipse.jetty.util.ssl.SslContextFactory [] - x509=X509@743c3520(headlamp,h=[javaproxya.dnsalias.com, owo.dnsalias.com, owo.secure.dnsalias.com, www.owo.dnsalias.com, www.owo.secure.dnsalias.com],a=[],w=[]) for Server@6842c101[provider=null,keyStore=null,trustStore=null]
2026-07-02T23:06:18,422 [main] INFO  org.eclipse.jetty.util.ssl.SslContextFactory [] - x509=X509@234cd86c(owo,h=[oneworldobservatory.com, www.oneworldobservatory.com],a=[],w=[]) for Server@6842c101[provider=null,keyStore=null,trustStore=null]
2026-07-02T23:06:18,467 [main] INFO  org.eclipse.jetty.server.AbstractConnector [] - Started ServerConnector@9df564f{SSL, (ssl, alpn, h2, http/1.1)}{0.0.0.0:443}
2026-07-02T23:06:18,471 [main] INFO  org.eclipse.jetty.server.Server [] - Started Server@3b435211{STARTING}[11.0.12,sto=0] @9744ms
2026-07-02T23:06:48,188 [main] INFO  com.zaxxer.hikari.HikariDataSource [] - HikariPool-1 - Starting...
2026-07-02T23:06:48,578 [main] INFO  com.zaxxer.hikari.HikariDataSource [] - HikariPool-1 - Start completed.
2026-07-02T23:06:53,347 [main] WARN  org.eclipse.jetty.server.handler.ContextHandler [] - o.e.j.s.ServletContextHandler@22a260ff{/,null,STOPPED} contextPath ends with /
2026-07-02T23:06:53,443 [main] INFO  org.eclipse.jetty.server.Server [] - jetty-11.0.12; built: 2022-09-14T02:38:00.723Z; git: d5b8c29485f5f56a14be5f20c2ccce81b93c5555; jvm 22.0.2+9
2026-07-02T23:06:53,535 [main] INFO  org.eclipse.jetty.server.handler.ContextHandler [] - Started o.e.j.s.ServletContextHandler@11f23203{/,null,AVAILABLE}
2026-07-02T23:06:53,536 [main] INFO  org.eclipse.jetty.server.handler.ContextHandler [] - Started o.e.j.s.ServletContextHandler@f723cdb{/api/socket/info,null,AVAILABLE}
2026-07-02T23:06:53,582 [main] INFO  org.eclipse.jetty.server.handler.ContextHandler [] - Started o.e.j.s.ServletContextHandler@4844930a{/HDLmWebSocketServer,null,AVAILABLE}
2026-07-02T23:06:53,584 [main] INFO  org.eclipse.jetty.server.handler.ContextHandler [] - Started o.e.j.s.ServletContextHandler@22a260ff{/api/socket,null,AVAILABLE}
2026-07-02T23:06:53,618 [main] INFO  org.eclipse.jetty.server.AbstractConnector [] - Started ServerConnector@5b251fb9{HTTP/1.1, (http/1.1, h2c)}{0.0.0.0:80}
2026-07-02T23:06:53,624 [main] INFO  org.eclipse.jetty.util.ssl.SslContextFactory [] - x509=X509@743c3520(headlamp,h=[javaproxya.dnsalias.com, owo.dnsalias.com, owo.secure.dnsalias.com, www.owo.dnsalias.com, www.owo.secure.dnsalias.com],a=[],w=[]) for Server@6842c101[provider=null,keyStore=null,trustStore=null]
2026-07-02T23:06:53,627 [main] INFO  org.eclipse.jetty.util.ssl.SslContextFactory [] - x509=X509@234cd86c(owo,h=[oneworldobservatory.com, www.oneworldobservatory.com],a=[],w=[]) for Server@6842c101[provider=null,keyStore=null,trustStore=null]
2026-07-02T23:06:53,676 [main] INFO  org.eclipse.jetty.server.AbstractConnector [] - Started ServerConnector@9df564f{SSL, (ssl, alpn, h2, http/1.1)}{0.0.0.0:443}
2026-07-02T23:06:53,680 [main] INFO  org.eclipse.jetty.server.Server [] - Started Server@3b435211{STARTING}[11.0.12,sto=0] @9544ms
