2026-08-22T16:42:48,240 [qtp1235151206-57] INFO  com.headlamp.HDLmMainServlet [] - Access from 127.0.0.1:62244 - port 443 - using GET - host name javaproxya.dnsalias.com - original path value /HDLmGetJS.js
2026-08-22T16:42:48,343 [qtp1235151206-57] INFO  com.headlamp.HDLmJetty [] - Referrer header not obtained from request - request string was (Request(GET https://javaproxya.dnsalias.com/HDLmGetJS.js)@6c2f1d11)
2026-08-22T16:42:48,380 [qtp1235151206-57] INFO  com.headlamp.HDLmJetty [] - sec-fetch-mode: no-cors
2026-08-22T16:42:48,381 [qtp1235151206-57] INFO  com.headlamp.HDLmJetty [] - sec-fetch-storage-access: none
2026-08-22T16:42:48,381 [qtp1235151206-57] INFO  com.headlamp.HDLmJetty [] - te: trailers
2026-08-22T16:42:48,382 [qtp1235151206-57] INFO  com.headlamp.HDLmJetty [] - sec-fetch-site: cross-site
2026-08-22T16:42:48,382 [qtp1235151206-57] INFO  com.headlamp.HDLmJetty [] - accept-language: en-US,en;q=0.9
2026-08-22T16:42:48,382 [qtp1235151206-57] INFO  com.headlamp.HDLmJetty [] - priority: u=2
2026-08-22T16:42:48,382 [qtp1235151206-57] INFO  com.headlamp.HDLmJetty [] - accept-encoding: gzip, deflate, br, zstd
2026-08-22T16:42:48,382 [qtp1235151206-57] INFO  com.headlamp.HDLmJetty [] - user-agent: Mozilla/5.0 (Windows NT 10.0; Win64; x64; rv:153.0) Gecko/20100101 Firefox/153.0
2026-08-22T16:42:48,382 [qtp1235151206-57] INFO  com.headlamp.HDLmJetty [] - accept: */*
2026-08-22T16:42:48,384 [qtp1235151206-57] INFO  com.headlamp.HDLmJetty [] - sec-fetch-dest: script
2026-08-22T16:42:49,389 [qtp1235151206-57] INFO  com.headlamp.HDLmUtility [] - java.lang.Thread.getStackTrace(Thread.java:2418)
2026-08-22T16:42:49,390 [qtp1235151206-57] INFO  com.headlamp.HDLmUtility [] - com.headlamp.HDLmUtility.logStackTrace(HDLmUtility.java:2091)
2026-08-22T16:42:49,390 [qtp1235151206-57] INFO  com.headlamp.HDLmUtility [] - com.headlamp.HDLmUtility.logStackTrace(HDLmUtility.java:2083)
2026-08-22T16:42:49,391 [qtp1235151206-57] INFO  com.headlamp.HDLmUtility [] - com.headlamp.HDLmUtility.filePutAppendLineLogs(HDLmUtility.java:1089)
2026-08-22T16:42:49,391 [qtp1235151206-57] INFO  com.headlamp.HDLmUtility [] - com.headlamp.HDLmSession.writeLog(HDLmSession.java:306)
2026-08-22T16:42:49,391 [qtp1235151206-57] INFO  com.headlamp.HDLmUtility [] - com.headlamp.HDLmMain.getJsMain(HDLmMain.java:1800)
2026-08-22T16:42:49,391 [qtp1235151206-57] INFO  com.headlamp.HDLmUtility [] - com.headlamp.HDLmJetty.handleJavaScriptRequest(HDLmJetty.java:3321)
2026-08-22T16:42:49,392 [qtp1235151206-57] INFO  com.headlamp.HDLmUtility [] - com.headlamp.HDLmMainServlet.doAll(HDLmMainServlet.java:516)
2026-08-22T16:42:49,392 [qtp1235151206-57] INFO  com.headlamp.HDLmUtility [] - com.headlamp.HDLmMainServlet.doGet(HDLmMainServlet.java:617)
2026-08-22T16:42:49,393 [qtp1235151206-57] INFO  com.headlamp.HDLmUtility [] - jakarta.servlet.http.HttpServlet.service(HttpServlet.java:500)
2026-08-22T16:42:49,393 [qtp1235151206-57] INFO  com.headlamp.HDLmUtility [] - jakarta.servlet.http.HttpServlet.service(HttpServlet.java:587)
2026-08-22T16:42:49,393 [qtp1235151206-57] INFO  com.headlamp.HDLmUtility [] - org.eclipse.jetty.servlet.ServletHolder.handle(ServletHolder.java:764)
2026-08-22T16:42:49,393 [qtp1235151206-57] INFO  com.headlamp.HDLmUtility [] - org.eclipse.jetty.servlet.ServletHandler.doHandle(ServletHandler.java:529)
2026-08-22T16:42:49,394 [qtp1235151206-57] INFO  com.headlamp.HDLmUtility [] - org.eclipse.jetty.server.handler.ScopedHandler.nextHandle(ScopedHandler.java:221)
2026-08-22T16:42:49,394 [qtp1235151206-57] INFO  com.headlamp.HDLmUtility [] - org.eclipse.jetty.server.handler.ContextHandler.doHandle(ContextHandler.java:1380)
2026-08-22T16:42:49,394 [qtp1235151206-57] INFO  com.headlamp.HDLmUtility [] - org.eclipse.jetty.server.handler.ScopedHandler.nextScope(ScopedHandler.java:176)
2026-08-22T16:42:49,395 [qtp1235151206-57] INFO  com.headlamp.HDLmUtility [] - org.eclipse.jetty.servlet.ServletHandler.doScope(ServletHandler.java:484)
2026-08-22T16:42:49,395 [qtp1235151206-57] INFO  com.headlamp.HDLmUtility [] - org.eclipse.jetty.server.handler.ScopedHandler.nextScope(ScopedHandler.java:174)
2026-08-22T16:42:49,395 [qtp1235151206-57] INFO  com.headlamp.HDLmUtility [] - org.eclipse.jetty.server.handler.ContextHandler.doScope(ContextHandler.java:1302)
2026-08-22T16:42:49,396 [qtp1235151206-57] INFO  com.headlamp.HDLmUtility [] - org.eclipse.jetty.server.handler.ScopedHandler.handle(ScopedHandler.java:129)
2026-08-22T16:42:49,396 [qtp1235151206-57] INFO  com.headlamp.HDLmUtility [] - org.eclipse.jetty.server.handler.ContextHandlerCollection.handle(ContextHandlerCollection.java:192)
2026-08-22T16:42:49,397 [qtp1235151206-57] INFO  com.headlamp.HDLmUtility [] - org.eclipse.jetty.server.handler.HandlerWrapper.handle(HandlerWrapper.java:122)
2026-08-22T16:42:49,397 [qtp1235151206-57] INFO  com.headlamp.HDLmUtility [] - org.eclipse.jetty.server.handler.gzip.GzipHandler.handle(GzipHandler.java:822)
2026-08-22T16:42:49,397 [qtp1235151206-57] INFO  com.headlamp.HDLmUtility [] - org.eclipse.jetty.server.handler.HandlerCollection.handle(HandlerCollection.java:141)
2026-08-22T16:42:49,397 [qtp1235151206-57] INFO  com.headlamp.HDLmUtility [] - org.eclipse.jetty.server.handler.HandlerWrapper.handle(HandlerWrapper.java:122)
2026-08-22T16:42:49,398 [qtp1235151206-57] INFO  com.headlamp.HDLmUtility [] - org.eclipse.jetty.server.Server.handle(Server.java:563)
2026-08-22T16:42:49,398 [qtp1235151206-57] INFO  com.headlamp.HDLmUtility [] - org.eclipse.jetty.server.HttpChannel.lambda$handle$0(HttpChannel.java:505)
2026-08-22T16:42:49,398 [qtp1235151206-57] INFO  com.headlamp.HDLmUtility [] - org.eclipse.jetty.server.HttpChannel.dispatch(HttpChannel.java:762)
2026-08-22T16:42:49,399 [qtp1235151206-57] INFO  com.headlamp.HDLmUtility [] - org.eclipse.jetty.server.HttpChannel.handle(HttpChannel.java:497)
2026-08-22T16:42:49,399 [qtp1235151206-57] INFO  com.headlamp.HDLmUtility [] - org.eclipse.jetty.server.HttpChannel.run(HttpChannel.java:457)
2026-08-22T16:42:49,399 [qtp1235151206-57] INFO  com.headlamp.HDLmUtility [] - org.eclipse.jetty.util.thread.strategy.AdaptiveExecutionStrategy.runTask(AdaptiveExecutionStrategy.java:421)
2026-08-22T16:42:49,400 [qtp1235151206-57] INFO  com.headlamp.HDLmUtility [] - org.eclipse.jetty.util.thread.strategy.AdaptiveExecutionStrategy.consumeTask(AdaptiveExecutionStrategy.java:390)
2026-08-22T16:42:49,400 [qtp1235151206-57] INFO  com.headlamp.HDLmUtility [] - org.eclipse.jetty.util.thread.strategy.AdaptiveExecutionStrategy.tryProduce(AdaptiveExecutionStrategy.java:277)
2026-08-22T16:42:49,400 [qtp1235151206-57] INFO  com.headlamp.HDLmUtility [] - org.eclipse.jetty.util.thread.strategy.AdaptiveExecutionStrategy.produce(AdaptiveExecutionStrategy.java:199)
2026-08-22T16:42:49,400 [qtp1235151206-57] INFO  com.headlamp.HDLmUtility [] - org.eclipse.jetty.http2.HTTP2Connection.produce(HTTP2Connection.java:208)
2026-08-22T16:42:49,400 [qtp1235151206-57] INFO  com.headlamp.HDLmUtility [] - org.eclipse.jetty.http2.HTTP2Connection.onFillable(HTTP2Connection.java:155)
2026-08-22T16:42:49,401 [qtp1235151206-57] INFO  com.headlamp.HDLmUtility [] - org.eclipse.jetty.http2.HTTP2Connection$FillableCallback.succeeded(HTTP2Connection.java:378)
2026-08-22T16:42:49,401 [qtp1235151206-57] INFO  com.headlamp.HDLmUtility [] - org.eclipse.jetty.io.FillInterest.fillable(FillInterest.java:100)
2026-08-22T16:42:49,402 [qtp1235151206-57] INFO  com.headlamp.HDLmUtility [] - org.eclipse.jetty.io.ssl.SslConnection$DecryptedEndPoint.onFillable(SslConnection.java:558)
2026-08-22T16:42:49,402 [qtp1235151206-57] INFO  com.headlamp.HDLmUtility [] - org.eclipse.jetty.io.ssl.SslConnection.onFillable(SslConnection.java:379)
2026-08-22T16:42:49,403 [qtp1235151206-57] INFO  com.headlamp.HDLmUtility [] - org.eclipse.jetty.io.ssl.SslConnection$2.succeeded(SslConnection.java:146)
2026-08-22T16:42:49,403 [qtp1235151206-57] INFO  com.headlamp.HDLmUtility [] - org.eclipse.jetty.io.FillInterest.fillable(FillInterest.java:100)
2026-08-22T16:42:49,404 [qtp1235151206-57] INFO  com.headlamp.HDLmUtility [] - org.eclipse.jetty.io.SelectableChannelEndPoint$1.run(SelectableChannelEndPoint.java:53)
2026-08-22T16:42:49,404 [qtp1235151206-57] INFO  com.headlamp.HDLmUtility [] - org.eclipse.jetty.util.thread.strategy.AdaptiveExecutionStrategy.runTask(AdaptiveExecutionStrategy.java:421)
2026-08-22T16:42:49,405 [qtp1235151206-57] INFO  com.headlamp.HDLmUtility [] - org.eclipse.jetty.util.thread.strategy.AdaptiveExecutionStrategy.consumeTask(AdaptiveExecutionStrategy.java:390)
2026-08-22T16:42:49,405 [qtp1235151206-57] INFO  com.headlamp.HDLmUtility [] - org.eclipse.jetty.util.thread.strategy.AdaptiveExecutionStrategy.tryProduce(AdaptiveExecutionStrategy.java:277)
2026-08-22T16:42:49,405 [qtp1235151206-57] INFO  com.headlamp.HDLmUtility [] - org.eclipse.jetty.util.thread.strategy.AdaptiveExecutionStrategy.lambda$new$0(AdaptiveExecutionStrategy.java:139)
2026-08-22T16:42:49,405 [qtp1235151206-57] INFO  com.headlamp.HDLmUtility [] - org.eclipse.jetty.util.thread.ReservedThreadExecutor$ReservedThread.run(ReservedThreadExecutor.java:411)
2026-08-22T16:42:49,405 [qtp1235151206-57] INFO  com.headlamp.HDLmUtility [] - org.eclipse.jetty.util.thread.MonitoredQueuedThreadPool$1.run(MonitoredQueuedThreadPool.java:73)
2026-08-22T16:42:49,406 [qtp1235151206-57] INFO  com.headlamp.HDLmUtility [] - org.eclipse.jetty.util.thread.QueuedThreadPool.runJob(QueuedThreadPool.java:933)
2026-08-22T16:42:49,406 [qtp1235151206-57] INFO  com.headlamp.HDLmUtility [] - org.eclipse.jetty.util.thread.QueuedThreadPool$Runner.run(QueuedThreadPool.java:1077)
2026-08-22T16:42:49,406 [qtp1235151206-57] INFO  com.headlamp.HDLmUtility [] - java.lang.Thread.run(Thread.java:1570)
2026-08-22T16:42:50,064 [qtp1235151206-60] INFO  com.headlamp.HDLmMainServlet [] - Access from 127.0.0.1:62249 - port 443 - using POST - host name javaproxya.dnsalias.com - original path value /HDLmPostData - Post Payload - HDLmPostData={"updates":[{"indexValue":0.02926272176443523,"indexUsed":false,"parameters":"","sessionId":"dcec46e1-b6a3-4c34-9ce4-05353acbf790","parmNumber":-1,"lookupValue":-1,"hostName":"","divisionName":"example.com","siteName":"example.com","modName":"load page","modPathValue":"//.*/","modType":"visit","pathValue":"/C:/Users/pscha/Downloads/index(34).htm","oldValue":null,"newValue":null}],"reason":"visit","weight":"1.0","error":{"matcherror":"visit"}}
2026-08-22T16:42:50,139 [qtp1235151206-60] INFO  com.headlamp.HDLmUtility [] - java.lang.Thread.getStackTrace(Thread.java:2418)
2026-08-22T16:42:50,141 [qtp1235151206-60] INFO  com.headlamp.HDLmUtility [] - com.headlamp.HDLmUtility.logStackTrace(HDLmUtility.java:2091)
2026-08-22T16:42:50,141 [qtp1235151206-60] INFO  com.headlamp.HDLmUtility [] - com.headlamp.HDLmUtility.logStackTrace(HDLmUtility.java:2083)
2026-08-22T16:42:50,141 [qtp1235151206-60] INFO  com.headlamp.HDLmUtility [] - com.headlamp.HDLmUtility.filePutAppendLineLogs(HDLmUtility.java:1089)
2026-08-22T16:42:50,142 [qtp1235151206-60] INFO  com.headlamp.HDLmUtility [] - com.headlamp.HDLmJetty.handleSpecialPost(HDLmJetty.java:4445)
2026-08-22T16:42:50,142 [qtp1235151206-60] INFO  com.headlamp.HDLmUtility [] - com.headlamp.HDLmMainServlet.doAll(HDLmMainServlet.java:458)
2026-08-22T16:42:50,142 [qtp1235151206-60] INFO  com.headlamp.HDLmUtility [] - com.headlamp.HDLmMainServlet.doPost(HDLmMainServlet.java:653)
2026-08-22T16:42:50,142 [qtp1235151206-60] INFO  com.headlamp.HDLmUtility [] - jakarta.servlet.http.HttpServlet.service(HttpServlet.java:520)
2026-08-22T16:42:50,142 [qtp1235151206-60] INFO  com.headlamp.HDLmUtility [] - jakarta.servlet.http.HttpServlet.service(HttpServlet.java:587)
2026-08-22T16:42:50,143 [qtp1235151206-60] INFO  com.headlamp.HDLmUtility [] - org.eclipse.jetty.servlet.ServletHolder.handle(ServletHolder.java:764)
2026-08-22T16:42:50,143 [qtp1235151206-60] INFO  com.headlamp.HDLmUtility [] - org.eclipse.jetty.servlet.ServletHandler.doHandle(ServletHandler.java:529)
2026-08-22T16:42:50,143 [qtp1235151206-60] INFO  com.headlamp.HDLmUtility [] - org.eclipse.jetty.server.handler.ScopedHandler.nextHandle(ScopedHandler.java:221)
2026-08-22T16:42:50,144 [qtp1235151206-60] INFO  com.headlamp.HDLmUtility [] - org.eclipse.jetty.server.handler.ContextHandler.doHandle(ContextHandler.java:1380)
2026-08-22T16:42:50,144 [qtp1235151206-60] INFO  com.headlamp.HDLmUtility [] - org.eclipse.jetty.server.handler.ScopedHandler.nextScope(ScopedHandler.java:176)
2026-08-22T16:42:50,144 [qtp1235151206-60] INFO  com.headlamp.HDLmUtility [] - org.eclipse.jetty.servlet.ServletHandler.doScope(ServletHandler.java:484)
2026-08-22T16:42:50,145 [qtp1235151206-60] INFO  com.headlamp.HDLmUtility [] - org.eclipse.jetty.server.handler.ScopedHandler.nextScope(ScopedHandler.java:174)
2026-08-22T16:42:50,145 [qtp1235151206-60] INFO  com.headlamp.HDLmUtility [] - org.eclipse.jetty.server.handler.ContextHandler.doScope(ContextHandler.java:1302)
2026-08-22T16:42:50,145 [qtp1235151206-60] INFO  com.headlamp.HDLmUtility [] - org.eclipse.jetty.server.handler.ScopedHandler.handle(ScopedHandler.java:129)
2026-08-22T16:42:50,146 [qtp1235151206-60] INFO  com.headlamp.HDLmUtility [] - org.eclipse.jetty.server.handler.ContextHandlerCollection.handle(ContextHandlerCollection.java:192)
2026-08-22T16:42:50,148 [qtp1235151206-60] INFO  com.headlamp.HDLmUtility [] - org.eclipse.jetty.server.handler.HandlerWrapper.handle(HandlerWrapper.java:122)
2026-08-22T16:42:50,149 [qtp1235151206-60] INFO  com.headlamp.HDLmUtility [] - org.eclipse.jetty.server.handler.gzip.GzipHandler.handle(GzipHandler.java:822)
2026-08-22T16:42:50,149 [qtp1235151206-60] INFO  com.headlamp.HDLmUtility [] - org.eclipse.jetty.server.handler.HandlerCollection.handle(HandlerCollection.java:141)
2026-08-22T16:42:50,149 [qtp1235151206-60] INFO  com.headlamp.HDLmUtility [] - org.eclipse.jetty.server.handler.HandlerWrapper.handle(HandlerWrapper.java:122)
2026-08-22T16:42:50,149 [qtp1235151206-60] INFO  com.headlamp.HDLmUtility [] - org.eclipse.jetty.server.Server.handle(Server.java:563)
2026-08-22T16:42:50,149 [qtp1235151206-60] INFO  com.headlamp.HDLmUtility [] - org.eclipse.jetty.server.HttpChannel.lambda$handle$0(HttpChannel.java:505)
2026-08-22T16:42:50,151 [qtp1235151206-60] INFO  com.headlamp.HDLmUtility [] - org.eclipse.jetty.server.HttpChannel.dispatch(HttpChannel.java:762)
2026-08-22T16:42:50,152 [qtp1235151206-60] INFO  com.headlamp.HDLmUtility [] - org.eclipse.jetty.server.HttpChannel.handle(HttpChannel.java:497)
2026-08-22T16:42:50,152 [qtp1235151206-60] INFO  com.headlamp.HDLmUtility [] - org.eclipse.jetty.server.HttpChannel.run(HttpChannel.java:457)
2026-08-22T16:42:50,152 [qtp1235151206-60] INFO  com.headlamp.HDLmUtility [] - org.eclipse.jetty.util.thread.strategy.AdaptiveExecutionStrategy.runTask(AdaptiveExecutionStrategy.java:421)
2026-08-22T16:42:50,152 [qtp1235151206-60] INFO  com.headlamp.HDLmUtility [] - org.eclipse.jetty.util.thread.strategy.AdaptiveExecutionStrategy.consumeTask(AdaptiveExecutionStrategy.java:390)
2026-08-22T16:42:50,152 [qtp1235151206-60] INFO  com.headlamp.HDLmUtility [] - org.eclipse.jetty.util.thread.strategy.AdaptiveExecutionStrategy.tryProduce(AdaptiveExecutionStrategy.java:277)
2026-08-22T16:42:50,152 [qtp1235151206-60] INFO  com.headlamp.HDLmUtility [] - org.eclipse.jetty.util.thread.strategy.AdaptiveExecutionStrategy.produce(AdaptiveExecutionStrategy.java:199)
2026-08-22T16:42:50,152 [qtp1235151206-60] INFO  com.headlamp.HDLmUtility [] - org.eclipse.jetty.http2.HTTP2Connection.produce(HTTP2Connection.java:208)
2026-08-22T16:42:50,153 [qtp1235151206-60] INFO  com.headlamp.HDLmUtility [] - org.eclipse.jetty.http2.server.HTTP2ServerConnection.onOpen(HTTP2ServerConnection.java:122)
2026-08-22T16:42:50,153 [qtp1235151206-60] INFO  com.headlamp.HDLmUtility [] - org.eclipse.jetty.io.AbstractEndPoint.upgrade(AbstractEndPoint.java:451)
2026-08-22T16:42:50,153 [qtp1235151206-60] INFO  com.headlamp.HDLmUtility [] - org.eclipse.jetty.server.NegotiatingServerConnection.onFillable(NegotiatingServerConnection.java:125)
2026-08-22T16:42:50,155 [qtp1235151206-60] INFO  com.headlamp.HDLmUtility [] - org.eclipse.jetty.io.AbstractConnection$ReadCallback.succeeded(AbstractConnection.java:314)
2026-08-22T16:42:50,156 [qtp1235151206-60] INFO  com.headlamp.HDLmUtility [] - org.eclipse.jetty.io.FillInterest.fillable(FillInterest.java:100)
2026-08-22T16:42:50,156 [qtp1235151206-60] INFO  com.headlamp.HDLmUtility [] - org.eclipse.jetty.io.ssl.SslConnection$DecryptedEndPoint.onFillable(SslConnection.java:558)
2026-08-22T16:42:50,156 [qtp1235151206-60] INFO  com.headlamp.HDLmUtility [] - org.eclipse.jetty.io.ssl.SslConnection.onFillable(SslConnection.java:379)
2026-08-22T16:42:50,156 [qtp1235151206-60] INFO  com.headlamp.HDLmUtility [] - org.eclipse.jetty.io.ssl.SslConnection$2.succeeded(SslConnection.java:146)
2026-08-22T16:42:50,156 [qtp1235151206-60] INFO  com.headlamp.HDLmUtility [] - org.eclipse.jetty.io.FillInterest.fillable(FillInterest.java:100)
2026-08-22T16:42:50,158 [qtp1235151206-60] INFO  com.headlamp.HDLmUtility [] - org.eclipse.jetty.io.SelectableChannelEndPoint$1.run(SelectableChannelEndPoint.java:53)
2026-08-22T16:42:50,158 [qtp1235151206-60] INFO  com.headlamp.HDLmUtility [] - org.eclipse.jetty.util.thread.strategy.AdaptiveExecutionStrategy.runTask(AdaptiveExecutionStrategy.java:421)
2026-08-22T16:42:50,158 [qtp1235151206-60] INFO  com.headlamp.HDLmUtility [] - org.eclipse.jetty.util.thread.strategy.AdaptiveExecutionStrategy.consumeTask(AdaptiveExecutionStrategy.java:390)
2026-08-22T16:42:50,158 [qtp1235151206-60] INFO  com.headlamp.HDLmUtility [] - org.eclipse.jetty.util.thread.strategy.AdaptiveExecutionStrategy.tryProduce(AdaptiveExecutionStrategy.java:277)
2026-08-22T16:42:50,158 [qtp1235151206-60] INFO  com.headlamp.HDLmUtility [] - org.eclipse.jetty.util.thread.strategy.AdaptiveExecutionStrategy.lambda$new$0(AdaptiveExecutionStrategy.java:139)
2026-08-22T16:42:50,159 [qtp1235151206-60] INFO  com.headlamp.HDLmUtility [] - org.eclipse.jetty.util.thread.ReservedThreadExecutor$ReservedThread.run(ReservedThreadExecutor.java:411)
2026-08-22T16:42:50,159 [qtp1235151206-60] INFO  com.headlamp.HDLmUtility [] - org.eclipse.jetty.util.thread.MonitoredQueuedThreadPool$1.run(MonitoredQueuedThreadPool.java:73)
2026-08-22T16:42:50,159 [qtp1235151206-60] INFO  com.headlamp.HDLmUtility [] - org.eclipse.jetty.util.thread.QueuedThreadPool.runJob(QueuedThreadPool.java:933)
2026-08-22T16:42:50,160 [qtp1235151206-60] INFO  com.headlamp.HDLmUtility [] - org.eclipse.jetty.util.thread.QueuedThreadPool$Runner.run(QueuedThreadPool.java:1077)
2026-08-22T16:42:50,160 [qtp1235151206-60] INFO  com.headlamp.HDLmUtility [] - java.lang.Thread.run(Thread.java:1570)
2026-08-22T16:42:50,191 [qtp1235151206-60] WARN  org.eclipse.jetty.server.HttpChannel [] - /HDLmPostData
java.lang.AssertionError: Header not obtained from the request (referer)
	at com.headlamp.HDLmAssert.HDLmAssertAction(HDLmAssert.java:28) ~[bin/:?]
	at com.headlamp.HDLmJetty.getReferrerHostName(HDLmJetty.java:1495) ~[bin/:?]
	at com.headlamp.HDLmJetty.handleSpecialPost(HDLmJetty.java:4448) ~[bin/:?]
	at com.headlamp.HDLmMainServlet.doAll(HDLmMainServlet.java:458) ~[bin/:?]
	at com.headlamp.HDLmMainServlet.doPost(HDLmMainServlet.java:653) ~[bin/:?]
	at jakarta.servlet.http.HttpServlet.service(HttpServlet.java:520) ~[jetty-jakarta-servlet-api-5.0.2.jar:?]
	at jakarta.servlet.http.HttpServlet.service(HttpServlet.java:587) ~[jetty-jakarta-servlet-api-5.0.2.jar:?]
	at org.eclipse.jetty.servlet.ServletHolder.handle(ServletHolder.java:764) ~[jetty-servlet-11.0.12.jar:11.0.12]
	at org.eclipse.jetty.servlet.ServletHandler.doHandle(ServletHandler.java:529) ~[jetty-servlet-11.0.12.jar:11.0.12]
	at org.eclipse.jetty.server.handler.ScopedHandler.nextHandle(ScopedHandler.java:221) ~[jetty-server-11.0.12.jar:11.0.12]
	at org.eclipse.jetty.server.handler.ContextHandler.doHandle(ContextHandler.java:1380) ~[jetty-server-11.0.12.jar:11.0.12]
	at org.eclipse.jetty.server.handler.ScopedHandler.nextScope(ScopedHandler.java:176) ~[jetty-server-11.0.12.jar:11.0.12]
	at org.eclipse.jetty.servlet.ServletHandler.doScope(ServletHandler.java:484) ~[jetty-servlet-11.0.12.jar:11.0.12]
	at org.eclipse.jetty.server.handler.ScopedHandler.nextScope(ScopedHandler.java:174) ~[jetty-server-11.0.12.jar:11.0.12]
	at org.eclipse.jetty.server.handler.ContextHandler.doScope(ContextHandler.java:1302) ~[jetty-server-11.0.12.jar:11.0.12]
	at org.eclipse.jetty.server.handler.ScopedHandler.handle(ScopedHandler.java:129) ~[jetty-server-11.0.12.jar:11.0.12]
	at org.eclipse.jetty.server.handler.ContextHandlerCollection.handle(ContextHandlerCollection.java:192) ~[jetty-server-11.0.12.jar:11.0.12]
	at org.eclipse.jetty.server.handler.HandlerWrapper.handle(HandlerWrapper.java:122) ~[jetty-server-11.0.12.jar:11.0.12]
	at org.eclipse.jetty.server.handler.gzip.GzipHandler.handle(GzipHandler.java:822) ~[jetty-server-11.0.12.jar:11.0.12]
	at org.eclipse.jetty.server.handler.HandlerCollection.handle(HandlerCollection.java:141) ~[jetty-server-11.0.12.jar:11.0.12]
	at org.eclipse.jetty.server.handler.HandlerWrapper.handle(HandlerWrapper.java:122) ~[jetty-server-11.0.12.jar:11.0.12]
	at org.eclipse.jetty.server.Server.handle(Server.java:563) ~[jetty-server-11.0.12.jar:11.0.12]
	at org.eclipse.jetty.server.HttpChannel.lambda$handle$0(HttpChannel.java:505) ~[jetty-server-11.0.12.jar:11.0.12]
	at org.eclipse.jetty.server.HttpChannel.dispatch(HttpChannel.java:762) ~[jetty-server-11.0.12.jar:11.0.12]
	at org.eclipse.jetty.server.HttpChannel.handle(HttpChannel.java:497) ~[jetty-server-11.0.12.jar:11.0.12]
	at org.eclipse.jetty.server.HttpChannel.run(HttpChannel.java:457) ~[jetty-server-11.0.12.jar:11.0.12]
	at org.eclipse.jetty.util.thread.strategy.AdaptiveExecutionStrategy.runTask(AdaptiveExecutionStrategy.java:421) ~[jetty-util-11.0.12.jar:11.0.12]
	at org.eclipse.jetty.util.thread.strategy.AdaptiveExecutionStrategy.consumeTask(AdaptiveExecutionStrategy.java:390) ~[jetty-util-11.0.12.jar:11.0.12]
	at org.eclipse.jetty.util.thread.strategy.AdaptiveExecutionStrategy.tryProduce(AdaptiveExecutionStrategy.java:277) ~[jetty-util-11.0.12.jar:11.0.12]
	at org.eclipse.jetty.util.thread.strategy.AdaptiveExecutionStrategy.produce(AdaptiveExecutionStrategy.java:199) ~[jetty-util-11.0.12.jar:11.0.12]
	at org.eclipse.jetty.http2.HTTP2Connection.produce(HTTP2Connection.java:208) ~[http2-common-11.0.12.jar:11.0.12]
	at org.eclipse.jetty.http2.server.HTTP2ServerConnection.onOpen(HTTP2ServerConnection.java:122) ~[http2-server-11.0.12.jar:11.0.12]
	at org.eclipse.jetty.io.AbstractEndPoint.upgrade(AbstractEndPoint.java:451) ~[jetty-io-11.0.12.jar:11.0.12]
	at org.eclipse.jetty.server.NegotiatingServerConnection.onFillable(NegotiatingServerConnection.java:125) ~[jetty-server-11.0.12.jar:11.0.12]
	at org.eclipse.jetty.io.AbstractConnection$ReadCallback.succeeded(AbstractConnection.java:314) ~[jetty-io-11.0.12.jar:11.0.12]
	at org.eclipse.jetty.io.FillInterest.fillable(FillInterest.java:100) ~[jetty-io-11.0.12.jar:11.0.12]
	at org.eclipse.jetty.io.ssl.SslConnection$DecryptedEndPoint.onFillable(SslConnection.java:558) ~[jetty-io-11.0.12.jar:11.0.12]
	at org.eclipse.jetty.io.ssl.SslConnection.onFillable(SslConnection.java:379) ~[jetty-io-11.0.12.jar:11.0.12]
	at org.eclipse.jetty.io.ssl.SslConnection$2.succeeded(SslConnection.java:146) ~[jetty-io-11.0.12.jar:11.0.12]
	at org.eclipse.jetty.io.FillInterest.fillable(FillInterest.java:100) ~[jetty-io-11.0.12.jar:11.0.12]
	at org.eclipse.jetty.io.SelectableChannelEndPoint$1.run(SelectableChannelEndPoint.java:53) ~[jetty-io-11.0.12.jar:11.0.12]
	at org.eclipse.jetty.util.thread.strategy.AdaptiveExecutionStrategy.runTask(AdaptiveExecutionStrategy.java:421) ~[jetty-util-11.0.12.jar:11.0.12]
	at org.eclipse.jetty.util.thread.strategy.AdaptiveExecutionStrategy.consumeTask(AdaptiveExecutionStrategy.java:390) ~[jetty-util-11.0.12.jar:11.0.12]
	at org.eclipse.jetty.util.thread.strategy.AdaptiveExecutionStrategy.tryProduce(AdaptiveExecutionStrategy.java:277) ~[jetty-util-11.0.12.jar:11.0.12]
	at org.eclipse.jetty.util.thread.strategy.AdaptiveExecutionStrategy.lambda$new$0(AdaptiveExecutionStrategy.java:139) ~[jetty-util-11.0.12.jar:11.0.12]
	at org.eclipse.jetty.util.thread.ReservedThreadExecutor$ReservedThread.run(ReservedThreadExecutor.java:411) ~[jetty-util-11.0.12.jar:11.0.12]
	at org.eclipse.jetty.util.thread.MonitoredQueuedThreadPool$1.run(MonitoredQueuedThreadPool.java:73) ~[jetty-util-11.0.12.jar:11.0.12]
	at org.eclipse.jetty.util.thread.QueuedThreadPool.runJob(QueuedThreadPool.java:933) ~[jetty-util-11.0.12.jar:11.0.12]
	at org.eclipse.jetty.util.thread.QueuedThreadPool$Runner.run(QueuedThreadPool.java:1077) ~[jetty-util-11.0.12.jar:11.0.12]
	at java.lang.Thread.run(Thread.java:1570) [?:?]
